%!Adobe-FontList 1.18
%Locale:0x409

%BeginFont
Handler:DirectoryHandler
FontType:Suitcase
FontName:AGBookRounded-Regular
OutlineFileName:\AG Book Rounded
ResourceID:11482
MacStyle:0
FileLength:234199
FileModTime:1133247652
%EndFont

%BeginFont
Handler:DirectoryHandler
FontType:Suitcase
FontName:AGBookRounded-Medium
OutlineFileName:\AG Book Rounded
ResourceID:11482
MacStyle:1
FileLength:234199
FileModTime:1133247652
%EndFont

%BeginFont
Handler:DirectoryHandler
FontType:Suitcase
FontName:AGBookRounded-Medium
OutlineFileName:\AG Book Rounded
ResourceID:11481
MacStyle:0
FileLength:234199
FileModTime:1133247652
%EndFont

%BeginFont
Handler:DirectoryHandler
FontType:Suitcase
FontName:AGBookRounded-Bold
OutlineFileName:\AG Book Rounded
ResourceID:11480
MacStyle:0
FileLength:234199
FileModTime:1133247652
%EndFont

%BeginFont
Handler:DirectoryHandler
FontType:Suitcase
FontName:AGBookRounded-BoldCn
OutlineFileName:\AG Book Rounded
ResourceID:11483
MacStyle:0
FileLength:234199
FileModTime:1133247652
%EndFont

%BeginFont
Handler:DirectoryHandler
FontType:Suitcase
FontName:AGBookRounded-MediumOutline
OutlineFileName:\AG Book Rounded
ResourceID:5201
MacStyle:0
FileLength:234199
FileModTime:1133247652
%EndFont

%BeginFont
Handler:DirectoryHandler
FontType:Suitcase
FontName:AGBookRounded-BoldOutline
OutlineFileName:\AG Book Rounded
ResourceID:5201
MacStyle:1
FileLength:234199
FileModTime:1133247652
%EndFont

%BeginFont
Handler:DirectoryHandler
FontType:Suitcase
FontName:AGBookRounded-BoldOutline
OutlineFileName:\AG Book Rounded
ResourceID:5202
MacStyle:0
FileLength:234199
FileModTime:1133247652
%EndFont

%BeginFont
Handler:DirectoryHandler
FontType:Suitcase
FontName:AGBookRounded-BoldCnOutline
OutlineFileName:\AG Book Rounded
ResourceID:5203
MacStyle:0
FileLength:234199
FileModTime:1133247652
%EndFont

%BeginFont
Handler:DirectoryHandler
FontType:Type1
FontName:AGBookRounded-BoldCn
FamilyName:AG Book Rounded
StyleName:Bold Condensed
MenuName:AG Book Rounded BoldCn
StyleBits:2
WeightClass:700
WidthClass:3
AngleClass:0
FullName:AG Book Rounded Bold Condensed
WritingScript:Roman
OutlineFileName:\AGBooRouBolCn
DataFormat:POSTResource
UsesStandardEncoding:yes
isCFF:no
hasSVG:no
FileLength:34768
FileModTime:701504870
DesignSize:-1
%EndFont

%BeginFont
Handler:DirectoryHandler
FontType:Type1
FontName:AGBookRounded-Medium
FamilyName:AG Book Rounded
StyleName:Medium
MenuName:AG Book Rounded Regular
StyleBits:0
WeightClass:500
WidthClass:5
AngleClass:0
FullName:AG Book Rounded Medium
WritingScript:Roman
OutlineFileName:\AGBooRouMed
DataFormat:POSTResource
UsesStandardEncoding:yes
isCFF:no
hasSVG:no
FileLength:32635
FileModTime:701504823
DesignSize:-1
%EndFont

%BeginFont
Handler:DirectoryHandler
FontType:Type1
FontName:Gotham-Black
FamilyName:Gotham
StyleName:Black
MenuName:Gotham Black
StyleBits:0
WeightClass:425
WidthClass:5
AngleClass:0
FullName:Gotham Black
WritingScript:Roman
OutlineFileName:\Gotham-Black.otf
DataFormat:sfntData
UsesStandardEncoding:yes
isCFF:yes
hasSVG:no
FileLength:137472
FileModTime:1187150538
NameArray:0,Mac,4,Gotham Black
NameArray:0,Win,1,Gotham Black
NameArray:0,Win,16,Gotham
%EndFont

%BeginFont
Handler:DirectoryHandler
FontType:Type1
FontName:Gotham-Bold
FamilyName:Gotham
StyleName:Bold
MenuName:Gotham Bold
StyleBits:0
WeightClass:400
WidthClass:5
AngleClass:0
FullName:Gotham Bold
WritingScript:Roman
OutlineFileName:\Gotham-Bold.otf
DataFormat:sfntData
UsesStandardEncoding:yes
isCFF:yes
hasSVG:no
FileLength:127472
FileModTime:1187083416
NameArray:0,Mac,4,Gotham Bold
NameArray:0,Win,1,Gotham Bold
NameArray:0,Win,16,Gotham
%EndFont

%BeginFont
Handler:DirectoryHandler
FontType:Type1
FontName:Gotham-Book
FamilyName:Gotham
StyleName:Book
MenuName:Gotham Book
StyleBits:0
WeightClass:325
WidthClass:5
AngleClass:0
FullName:Gotham Book
WritingScript:Roman
OutlineFileName:\Gotham-Book.otf
DataFormat:sfntData
UsesStandardEncoding:yes
isCFF:yes
hasSVG:no
FileLength:128020
FileModTime:1187083422
NameArray:0,Mac,4,Gotham Book
NameArray:0,Win,1,Gotham Book
NameArray:0,Win,16,Gotham
%EndFont

%BeginFont
Handler:DirectoryHandler
FontType:Type1
FontName:Gotham-Medium
FamilyName:Gotham
StyleName:Medium
MenuName:Gotham Medium
StyleBits:0
WeightClass:350
WidthClass:5
AngleClass:0
FullName:Gotham Medium
WritingScript:Roman
OutlineFileName:\Gotham-Medium.otf
DataFormat:sfntData
UsesStandardEncoding:yes
isCFF:yes
hasSVG:no
FileLength:128768
FileModTime:1187083436
NameArray:0,Mac,4,Gotham Medium
NameArray:0,Win,1,Gotham Medium
NameArray:0,Win,16,Gotham
%EndFont

%BeginFont
Handler:DirectoryHandler
FontType:Type1
FontName:Gotham-Thin
FamilyName:Gotham
StyleName:Thin
MenuName:Gotham Thin
StyleBits:0
WeightClass:250
WidthClass:5
AngleClass:0
FullName:Gotham Thin
WritingScript:Roman
OutlineFileName:\Gotham-Thin.otf
DataFormat:sfntData
UsesStandardEncoding:yes
isCFF:yes
hasSVG:no
FileLength:130672
FileModTime:1187083440
NameArray:0,Mac,4,Gotham Thin
NameArray:0,Win,1,Gotham Thin
NameArray:0,Win,16,Gotham
%EndFont

%BeginFont
Handler:DirectoryHandler
FontType:Type1
FontName:HelveticaNeue-BoldItalic
FamilyName:Helvetica Neue
StyleName:76 Bold Italic
MenuName:Helvetica 55 Roman
StyleBits:3
WeightClass:700
WidthClass:5
AngleClass:1
FullName:Helvetica 76 Bold Italic
WritingScript:Roman
OutlineFileName:\HelveNeuBolIta
DataFormat:POSTResource
UsesStandardEncoding:yes
isCFF:no
hasSVG:no
FileLength:30047
FileModTime:1235357678
DesignSize:-1
%EndFont

%BeginFont
Handler:DirectoryHandler
FontType:Type1
FontName:HelveticaNeue-Italic
FamilyName:Helvetica Neue
StyleName:56 Italic
MenuName:Helvetica 55 Roman
StyleBits:1
WeightClass:400
WidthClass:5
AngleClass:1
FullName:Helvetica 56 Italic
WritingScript:Roman
OutlineFileName:\HelveNeuIta
DataFormat:POSTResource
UsesStandardEncoding:yes
isCFF:no
hasSVG:no
FileLength:28817
FileModTime:1235357678
DesignSize:-1
%EndFont

%BeginFont
Handler:DirectoryHandler
FontType:Type1
FontName:HelveticaNeue-Roman
FamilyName:Helvetica Neue
StyleName:55 Roman
MenuName:Helvetica 55 Roman
StyleBits:0
WeightClass:400
WidthClass:5
AngleClass:0
FullName:Helvetica 55 Roman
WritingScript:Roman
OutlineFileName:\HelveNeuRom
DataFormat:POSTResource
UsesStandardEncoding:yes
isCFF:no
hasSVG:no
FileLength:28184
FileModTime:1235357678
DesignSize:-1
%EndFont

%BeginFont
Handler:DirectoryHandler
FontType:Suitcase
FontName:HelveticaNeue-Italic
OutlineFileName:\HelveticaNeue Italic
ResourceID:15331
MacStyle:0
FileLength:14846
FileModTime:1105659850
%EndFont

%BeginFont
Handler:DirectoryHandler
FontType:Suitcase
FontName:HelveticaNeue-BoldItalic
OutlineFileName:\HelveticaNeue Italic
ResourceID:15331
MacStyle:1
FileLength:14846
FileModTime:1105659850
%EndFont

%BeginFont
Handler:DirectoryHandler
FontType:Suitcase
FontName:HelveticaNeue-Roman
OutlineFileName:\HelveticaNeue Roman
ResourceID:15332
MacStyle:0
FileLength:28169
FileModTime:1105659851
%EndFont

%BeginFont
Handler:DirectoryHandler
FontType:Suitcase
FontName:HelveticaNeue-Bold
OutlineFileName:\HelveticaNeue Roman
ResourceID:15332
MacStyle:1
FileLength:28169
FileModTime:1105659851
%EndFont

%BeginFont
Handler:DirectoryHandler
FontType:Suitcase
FontName:HelveticaNeue-Italic
OutlineFileName:\HelveticaNeue Roman
ResourceID:15332
MacStyle:2
FileLength:28169
FileModTime:1105659851
%EndFont

%BeginFont
Handler:DirectoryHandler
FontType:Suitcase
FontName:HelveticaNeue-BoldItalic
OutlineFileName:\HelveticaNeue Roman
ResourceID:15332
MacStyle:3
FileLength:28169
FileModTime:1105659851
%EndFont

%BeginFont
Handler:DirectoryHandler
FontType:Type1
FontName:HelveticaNeue-Bold
FamilyName:Helvetica Neue
StyleName:75 Bold
MenuName:Helvetica 55 Roman
StyleBits:2
WeightClass:700
WidthClass:5
AngleClass:0
FullName:Helvetica Neue 75 Bold
WritingScript:Roman
OutlineFileName:\HELVETICANEUE-BOLD.OTF
DataFormat:sfntData
UsesStandardEncoding:yes
isCFF:yes
hasSVG:no
FileLength:17896
FileModTime:1356065778
NameArray:0,Mac,18,Helvetica 75 Bold
NameArray:0,Mac,4,Helvetica Neue 75 Bold
NameArray:0,Win,1,Helvetica 55 Roman
NameArray:0,Win,16,Helvetica Neue
%EndFont

%BeginFont
Handler:DirectoryHandler
FontType:Type1
FontName:HelveticaNeue-Heavy
FamilyName:Helvetica Neue
StyleName:85 Heavy
MenuName:Helvetica 65 Medium
StyleBits:2
WeightClass:900
WidthClass:5
AngleClass:0
FullName:Helvetica Neue 85 Heavy
WritingScript:Roman
OutlineFileName:\HELVETICANEUE-HEAVY-1.OTF
DataFormat:sfntData
UsesStandardEncoding:yes
isCFF:yes
hasSVG:no
FileLength:18432
FileModTime:1356065778
NameArray:0,Mac,18,Helvetica 85 Heavy
NameArray:0,Mac,4,Helvetica Neue 85 Heavy
NameArray:0,Win,1,Helvetica 65 Medium
NameArray:0,Win,16,Helvetica Neue
%EndFont

%BeginFont
Handler:DirectoryHandler
FontType:Type1
FontName:HelveticaNeue-Light
FamilyName:Helvetica Neue
StyleName:45 Light
MenuName:Helvetica 45 Light
StyleBits:0
WeightClass:300
WidthClass:5
AngleClass:0
FullName:Helvetica Neue 45 Light
WritingScript:Roman
OutlineFileName:\HELVETICANEUE-LIGHT.OTF
DataFormat:sfntData
UsesStandardEncoding:yes
isCFF:yes
hasSVG:no
FileLength:17556
FileModTime:1356065778
NameArray:0,Mac,18,Helvetica 45 Light
NameArray:0,Mac,4,Helvetica Neue 45 Light
NameArray:0,Win,1,Helvetica 45 Light
NameArray:0,Win,16,Helvetica Neue
%EndFont

%BeginFont
Handler:DirectoryHandler
FontType:Type1
FontName:MinionPro-Regular
FamilyName:Minion Pro
StyleName:Regular
MenuName:Minion Pro
StyleBits:0
WeightClass:400
WidthClass:5
AngleClass:0
FullName:Minion Pro
WritingScript:Roman
OutlineFileName:\MinionPro-Regular.otf
DataFormat:sfntData
UsesStandardEncoding:yes
isCFF:yes
hasSVG:no
FileLength:217280
FileModTime:1302669314
DesignSize:110
NameArray:0,Mac,4,Minion Pro
NameArray:0,Win,1,Minion Pro
%EndFont

